Starting project at /workspace/vibench-expo/runs/notes-mvp_web_r1/app
Starting Metro Bundler
Waiting on http://localhost:8095
Logs for your project will appear below.
| (node:61124) Warning: The 'NO_COLOR' env is ignored due to the 'FORCE_COLOR' env being set.
| (Use `node --trace-warnings ...` to show where the warning was created)
| (node:61125) Warning: The 'NO_COLOR' env is ignored due to the 'FORCE_COLOR' env being set.
| (Use `node --trace-warnings ...` to show where the warning was created)
| (node:61131) Warning: The 'NO_COLOR' env is ignored due to the 'FORCE_COLOR' env being set.
| (Use `node --trace-warnings ...` to show where the warning was created)
Web Bundled 943ms index.js (249 modules)
 LOG  [web] Logs will appear in the browser console
Web ./index.js ░░░░░░░░░░░░░░░░  0.0% (0/1)
Web Bundled 8ms index.js (1 module)
 LOG  [web] Logs will appear in the browser console
Web Bundled 9ms index.js (1 module)
 LOG  [web] Logs will appear in the browser console
Web ./index.js ░░░░░░░░░░░░░░░░  0.0% (0/1)
Web Bundled 9ms index.js (1 module)
 LOG  [web] Logs will appear in the browser console
Web ./index.js ░░░░░░░░░░░░░░░░  0.0% (0/1)
Web Bundled 8ms index.js (1 module)
 LOG  [web] Logs will appear in the browser console
Web ./index.js ░░░░░░░░░░░░░░░░  0.0% (0/1)
Web Bundled 10ms index.js (1 module)
 LOG  [web] Logs will appear in the browser console
Web Bundled 9ms index.js (1 module)
 LOG  [web] Logs will appear in the browser console
Web ./index.js ░░░░░░░░░░░░░░░░  0.0% (0/1)
Web Bundled 8ms index.js (1 module)
 LOG  [web] Logs will appear in the browser console
